#-----------------------------------------------------------
# Vivado v2024.1 (64-bit)
# SW Build 5076996 on Wed May 22 18:37:14 MDT 2024
# IP Build 5075265 on Wed May 22 21:45:21 MDT 2024
# SharedData Build 5076995 on Wed May 22 18:29:18 MDT 2024
# Start of session at: Tue Aug 20 11:19:55 2024
# Process ID: 27248
# Current directory: C:/Users/ASUS/Desktop/ddApp - 10 Gncel Uygulama/AdimMotorUygulama/AdimMotorUygulama.runs/impl_1
# Command line: vivado.exe -log STEPPER_MOTOR.vdi -applog -product Vivado -messageDb vivado.pb -mode batch -source STEPPER_MOTOR.tcl -notrace
# Log file: C:/Users/ASUS/Desktop/ddApp - 10 Gncel Uygulama/AdimMotorUygulama/AdimMotorUygulama.runs/impl_1/STEPPER_MOTOR.vdi
# Journal file: C:/Users/ASUS/Desktop/ddApp - 10 Gncel Uygulama/AdimMotorUygulama/AdimMotorUygulama.runs/impl_1\vivado.jou
# Running On        :DESKTOP-9NMQ267
# Platform          :Windows Server 2016 or Windows 10
# Operating System  :22631
# Processor Detail  :AMD Ryzen 7 7735HS with Radeon Graphics        
# CPU Frequency     :3194 MHz
# CPU Physical cores:8
# CPU Logical cores :16
# Host memory       :16369 MB
# Swap memory       :8589 MB
# Total Virtual     :24959 MB
# Available Virtual :9183 MB
#-----------------------------------------------------------
source STEPPER_MOTOR.tcl -notrace
